// Jest Snapshot v1, https://goo.gl/fbAQLP

exports[`QuizMain test render QuizMain 1`] = `
<RNCSafeAreaProvider
  onInsetsChange={[Function]}
  style={
    [
      {
        "flex": 1,
      },
      undefined,
    ]
  }
>
  <RNSScreenStack
    style={
      {
        "flex": 1,
      }
    }
  >
    <RNSScreen
      collapsable={false}
      gestureResponseDistance={
        {
          "bottom": -1,
          "end": -1,
          "start": -1,
          "top": -1,
        }
      }
      nativeBackButtonDismissalEnabled={false}
      onAppear={[Function]}
      onDisappear={[Function]}
      onDismissed={[Function]}
      onGestureCancel={[Function]}
      onHeaderBackButtonClicked={[Function]}
      onNativeDismissCancelled={[Function]}
      onTransitionProgress={[Function]}
      onWillDisappear={[Function]}
      replaceAnimation="push"
      sheetAllowedDetents="large"
      sheetCornerRadius={-1}
      sheetExpandsWhenScrolledToEdge={true}
      sheetGrabberVisible={false}
      sheetLargestUndimmedDetent="all"
      stackPresentation="push"
      style={
        {
          "bottom": 0,
          "left": 0,
          "position": "absolute",
          "right": 0,
          "top": 0,
        }
      }
      swipeDirection="horizontal"
    >
      <View
        accessibilityElementsHidden={false}
        importantForAccessibility="auto"
        style={
          {
            "flex": 1,
            "flexDirection": "column-reverse",
          }
        }
      >
        <View
          collapsable={false}
          style={
            [
              {
                "flex": 1,
              },
              {
                "backgroundColor": "rgb(242, 242, 242)",
              },
              undefined,
            ]
          }
        >
          <View
            style={
              {
                "flex": 1,
                "justifyContent": "center",
              }
            }
          >
            <View
              style={
                {
                  "alignSelf": "center",
                  "borderRadius": 100,
                  "height": 200,
                  "width": 200,
                }
              }
            >
              <View
                accessibilityState={
                  {
                    "busy": undefined,
                    "checked": undefined,
                    "disabled": undefined,
                    "expanded": undefined,
                    "selected": undefined,
                  }
                }
                accessibilityValue={
                  {
                    "max": undefined,
                    "min": undefined,
                    "now": undefined,
                    "text": undefined,
                  }
                }
                accessible={true}
                collapsable={false}
                focusable={true}
                onBlur={[Function]}
                onClick={[Function]}
                onFocus={[Function]}
                onResponderGrant={[Function]}
                onResponderMove={[Function]}
                onResponderRelease={[Function]}
                onResponderTerminate={[Function]}
                onResponderTerminationRequest={[Function]}
                onStartShouldSetResponder={[Function]}
                style={
                  {
                    "alignItems": "center",
                    "backgroundColor": "#5F37FF",
                    "borderRadius": 100,
                    "borderWidth": 0,
                    "flexDirection": "row",
                    "height": 200,
                    "justifyContent": "center",
                    "width": 200,
                  }
                }
              >
                <Text
                  style={
                    {
                      "color": "#FFFFFF",
                    }
                  }
                >
                  문제 시작
                </Text>
              </View>
            </View>
            <View
              style={
                {
                  "marginLeft": 0,
                  "marginTop": 30,
                }
              }
            />
            <View
              style={
                {
                  "alignSelf": "center",
                  "width": 300,
                }
              }
            >
              <Text>
                난이도 선택
              </Text>
              <View
                style={
                  {
                    "flexDirection": "row",
                    "marginTop": 10,
                    "width": "100%",
                  }
                }
              >
                <View
                  style={
                    {
                      "alignSelf": "center",
                      "flex": 1,
                      "height": 52,
                      "width": "100%",
                    }
                  }
                >
                  <View
                    accessibilityState={
                      {
                        "busy": undefined,
                        "checked": undefined,
                        "disabled": undefined,
                        "expanded": undefined,
                        "selected": undefined,
                      }
                    }
                    accessibilityValue={
                      {
                        "max": undefined,
                        "min": undefined,
                        "now": undefined,
                        "text": undefined,
                      }
                    }
                    accessible={true}
                    collapsable={false}
                    focusable={true}
                    onBlur={[Function]}
                    onClick={[Function]}
                    onFocus={[Function]}
                    onResponderGrant={[Function]}
                    onResponderMove={[Function]}
                    onResponderRelease={[Function]}
                    onResponderTerminate={[Function]}
                    onResponderTerminationRequest={[Function]}
                    onStartShouldSetResponder={[Function]}
                    style={
                      {
                        "alignItems": "center",
                        "backgroundColor": "#5F37FF",
                        "borderWidth": 0,
                        "flex": 1,
                        "flexDirection": "row",
                        "height": "100%",
                        "justifyContent": "center",
                        "width": "100%",
                      }
                    }
                  >
                    <Text
                      style={
                        {
                          "color": "#FFFFFF",
                        }
                      }
                    >
                      easy
                    </Text>
                  </View>
                </View>
                <View
                  style={
                    {
                      "alignSelf": "center",
                      "flex": 1,
                      "height": 52,
                      "width": "100%",
                    }
                  }
                >
                  <View
                    accessibilityState={
                      {
                        "busy": undefined,
                        "checked": undefined,
                        "disabled": undefined,
                        "expanded": undefined,
                        "selected": undefined,
                      }
                    }
                    accessibilityValue={
                      {
                        "max": undefined,
                        "min": undefined,
                        "now": undefined,
                        "text": undefined,
                      }
                    }
                    accessible={true}
                    collapsable={false}
                    focusable={true}
                    onBlur={[Function]}
                    onClick={[Function]}
                    onFocus={[Function]}
                    onResponderGrant={[Function]}
                    onResponderMove={[Function]}
                    onResponderRelease={[Function]}
                    onResponderTerminate={[Function]}
                    onResponderTerminationRequest={[Function]}
                    onStartShouldSetResponder={[Function]}
                    style={
                      {
                        "alignItems": "center",
                        "backgroundColor": "#ddd",
                        "borderColor": "#5F37FF",
                        "borderWidth": 1,
                        "flex": 1,
                        "flexDirection": "row",
                        "height": "100%",
                        "justifyContent": "center",
                        "width": "100%",
                      }
                    }
                  >
                    <Text
                      style={
                        {
                          "color": "#5F37FF",
                        }
                      }
                    >
                      medium
                    </Text>
                  </View>
                </View>
                <View
                  style={
                    {
                      "alignSelf": "center",
                      "flex": 1,
                      "height": 52,
                      "width": "100%",
                    }
                  }
                >
                  <View
                    accessibilityState={
                      {
                        "busy": undefined,
                        "checked": undefined,
                        "disabled": undefined,
                        "expanded": undefined,
                        "selected": undefined,
                      }
                    }
                    accessibilityValue={
                      {
                        "max": undefined,
                        "min": undefined,
                        "now": undefined,
                        "text": undefined,
                      }
                    }
                    accessible={true}
                    collapsable={false}
                    focusable={true}
                    onBlur={[Function]}
                    onClick={[Function]}
                    onFocus={[Function]}
                    onResponderGrant={[Function]}
                    onResponderMove={[Function]}
                    onResponderRelease={[Function]}
                    onResponderTerminate={[Function]}
                    onResponderTerminationRequest={[Function]}
                    onStartShouldSetResponder={[Function]}
                    style={
                      {
                        "alignItems": "center",
                        "backgroundColor": "#ddd",
                        "borderColor": "#5F37FF",
                        "borderWidth": 1,
                        "flex": 1,
                        "flexDirection": "row",
                        "height": "100%",
                        "justifyContent": "center",
                        "width": "100%",
                      }
                    }
                  >
                    <Text
                      style={
                        {
                          "color": "#5F37FF",
                        }
                      }
                    >
                      hard
                    </Text>
                  </View>
                </View>
                <View
                  style={
                    {
                      "alignSelf": "center",
                      "flex": 1,
                      "height": 52,
                      "width": "100%",
                    }
                  }
                >
                  <View
                    accessibilityState={
                      {
                        "busy": undefined,
                        "checked": undefined,
                        "disabled": undefined,
                        "expanded": undefined,
                        "selected": undefined,
                      }
                    }
                    accessibilityValue={
                      {
                        "max": undefined,
                        "min": undefined,
                        "now": undefined,
                        "text": undefined,
                      }
                    }
                    accessible={true}
                    collapsable={false}
                    focusable={true}
                    onBlur={[Function]}
                    onClick={[Function]}
                    onFocus={[Function]}
                    onResponderGrant={[Function]}
                    onResponderMove={[Function]}
                    onResponderRelease={[Function]}
                    onResponderTerminate={[Function]}
                    onResponderTerminationRequest={[Function]}
                    onStartShouldSetResponder={[Function]}
                    style={
                      {
                        "alignItems": "center",
                        "backgroundColor": "#ddd",
                        "borderColor": "#5F37FF",
                        "borderWidth": 1,
                        "flex": 1,
                        "flexDirection": "row",
                        "height": "100%",
                        "justifyContent": "center",
                        "width": "100%",
                      }
                    }
                  >
                    <Text
                      style={
                        {
                          "color": "#5F37FF",
                        }
                      }
                    >
                      random
                    </Text>
                  </View>
                </View>
              </View>
            </View>
          </View>
        </View>
      </View>
      <RNSScreenStackHeaderConfig
        backButtonInCustomView={false}
        backTitleVisible={true}
        backgroundColor="rgb(255, 255, 255)"
        color="rgb(0, 122, 255)"
        direction="ltr"
        disableBackButtonMenu={false}
        hidden={true}
        hideBackButton={false}
        largeTitleHideShadow={false}
        title="reviewDetail"
        titleColor="rgb(28, 28, 30)"
        topInsetEnabled={false}
        translucent={false}
      />
    </RNSScreen>
  </RNSScreenStack>
</RNCSafeAreaProvider>
`;
